// Jest Snapshot v1, https://goo.gl/fbAQLP

exports[`测试组件 测试 test 组件的值 1`] = `
<div>
  <button>
    +
  </button>
</div>
`;
